[www.tutorialesya.com.ar/index.html]
[backblue.gif]
[fade.gif]
[index.html]
[www.tutorialesya.com.ar/css/bootstrap.min.css]
[www.tutorialesya.com.ar/css/estilos.css]
[www.tutorialesya.com.ar/index-2.html]
[www.tutorialesya.com.ar/acercade.html]
[www.tutorialesya.com.ar/cmasmasya]
[pagead2.googlesyndication.com/pagead/js/f.txt]
[www.tutorialesya.com.ar/cmasmasya/index.html]
[www.google-analytics.com/analytics.js]
[www.tutorialesya.com.ar/index.html]
[www.tutorialesya.com.ar/fonts/glyphicons-halflings-regular.eot]
[www.tutorialesya.com.ar/fonts/glyphicons-halflings-regular.woff]
[www.tutorialesya.com.ar/fonts/glyphicons-halflings-regular.ttf]
[www.tutorialesya.com.ar/fonts/glyphicons-halflings-regulard41d.eot]
[www.tutorialesya.com.ar/css/bootstrap.min.css]
[www.tutorialesya.com.ar/css/estilos.css]
[www.tutorialesya.com.ar/index-2.html]
[www.tutorialesya.com.ar/acercade.html]
[www.tutorialesya.com.ar/cmasmasya/principal.css]
[www.tutorialesya.com.ar/cmasmasya/politicas.html]
[pagead2.googlesyndication.com/pagead/f.txt]
[www.tutorialesya.com.ar/cmasmasya/detalleconceptoe04e.html]
[www.tutorialesya.com.ar/cmasmasya/detalleconceptoe68b.html]
[www.tutorialesya.com.ar/cmasmasya/detalleconceptod35f.html]
[www.tutorialesya.com.ar/cmasmasya/detalleconcepto14c2.html]
[www.tutorialesya.com.ar/cmasmasya/detalleconcepto72e9.html]
[www.tutorialesya.com.ar/cmasmasya/detalleconceptoa2b3.html]
[www.tutorialesya.com.ar/cmasmasya/detalleconcepto5d43.html]
[www.tutorialesya.com.ar/cmasmasya/detalleconceptoe8d7.html]
[www.tutorialesya.com.ar/cmasmasya/detalleconcepto3ab8.html]
[www.tutorialesya.com.ar/cmasmasya/detalleconceptoadff.html]
[www.tutorialesya.com.ar/cmasmasya/detalleconceptoc1fb.html]
[www.tutorialesya.com.ar/cmasmasya/detalleconcepto48b7.html]
[www.tutorialesya.com.ar/cmasmasya/detalleconcepto65be.html]
[www.tutorialesya.com.ar/cmasmasya/detalleconceptoa3ca.html]
[www.tutorialesya.com.ar/cmasmasya/detalleconcepto77a5.html]
[www.tutorialesya.com.ar/cmasmasya/index9187.html]
[www.tutorialesya.com.ar/cmasmasya/index7732.html]
[www.tutorialesya.com.ar/cmasmasya/indexb634.html]
[www.tutorialesya.com.ar/cmasmasya/index.html]
[www.tutorialesya.com.ar/fonts/glyphicons-halflings-regular.svg]
[www.tutorialesya.com.ar/cmasmasya/principal.css]
[www.tutorialesya.com.ar/cmasmasya/politicas.html]
[www.tutorialesya.com.ar/cmasmasya/imagentema/foto001.jpg]
[www.tutorialesya.com.ar/cmasmasya/imagentema/foto002.jpg]
[www.tutorialesya.com.ar/cmasmasya/index2904.html]
[www.tutorialesya.com.ar/cmasmasya/detalleconceptoe04e.html]
[www.tutorialesya.com.ar/cmasmasya/imagentema/foto003.jpg]
[www.tutorialesya.com.ar/cmasmasya/imagentema/foto005.jpg]
[www.tutorialesya.com.ar/cmasmasya/imagentema/foto006.jpg]
[www.tutorialesya.com.ar/cmasmasya/imagentema/foto007.jpg]
[www.tutorialesya.com.ar/cmasmasya/detalleconceptoe68b.html]
[www.tutorialesya.com.ar/cmasmasya/imagentema/foto011.jpg]
[www.tutorialesya.com.ar/cmasmasya/proyectos/Proyecto1.zip]
[www.tutorialesya.com.ar/cmasmasya/detalleconceptod35f.html]
[www.tutorialesya.com.ar/cmasmasya/imagentema/foto013.jpg]
[www.tutorialesya.com.ar/cmasmasya/imagentema/foto014.jpg]
[www.tutorialesya.com.ar/cmasmasya/proyectos/SuperficieCuadrado.zip]
[www.tutorialesya.com.ar/cmasmasya/detalleconcepto14c2.html]
[www.tutorialesya.com.ar/cmasmasya/imagentema/foto015.jpg]
[www.tutorialesya.com.ar/cmasmasya/proyectos/SumaProducto.zip]
[www.tutorialesya.com.ar/cmasmasya/proyectos/PerimetroCuadrado.zip]
[www.tutorialesya.com.ar/cmasmasya/proyectos/SumaProductoNumeros.zip]
[www.tutorialesya.com.ar/cmasmasya/proyectos/SumaPromedio.zip]
[www.tutorialesya.com.ar/cmasmasya/proyectos/ImportePago.zip]
[www.tutorialesya.com.ar/cmasmasya/detalleconcepto72e9.html]
[www.tutorialesya.com.ar/cmasmasya/imagentema/foto016.jpg]
[www.tutorialesya.com.ar/cmasmasya/imagentema/foto017.jpg]
[www.tutorialesya.com.ar/cmasmasya/proyectos/PagaImpuestos.zip]
[www.tutorialesya.com.ar/cmasmasya/imagentema/foto018.jpg]
[www.tutorialesya.com.ar/cmasmasya/imagentema/foto019.jpg]
[www.tutorialesya.com.ar/cmasmasya/proyectos/NumeroMayor.zip]
[www.tutorialesya.com.ar/cmasmasya/proyectos/OperacionesNumeros.zip]
[www.tutorialesya.com.ar/cmasmasya/proyectos/NotaAlumnos.zip]
[www.tutorialesya.com.ar/cmasmasya/proyectos/CantidadDigitos.zip]
[www.tutorialesya.com.ar/cmasmasya/detalleconceptoa2b3.html]
[www.tutorialesya.com.ar/cmasmasya/imagentema/foto020.jpg]
[www.tutorialesya.com.ar/cmasmasya/imagentema/foto021.jpg]
[www.tutorialesya.com.ar/cmasmasya/imagentema/foto022.jpg]
[www.tutorialesya.com.ar/cmasmasya/proyectos/EstadoAlumno.zip]
[www.tutorialesya.com.ar/cmasmasya/proyectos/MayorTresNumeros.zip]
[www.tutorialesya.com.ar/cmasmasya/proyectos/PositivoNegativoNulo.zip]
[www.tutorialesya.com.ar/cmasmasya/proyectos/CantidadCifras.zip]
[www.tutorialesya.com.ar/cmasmasya/proyectos/PostulanteEmpleo.zip]
[www.tutorialesya.com.ar/cmasmasya/detalleconcepto5d43.html]
[www.tutorialesya.com.ar/cmasmasya/imagentema/foto023.jpg]
[www.tutorialesya.com.ar/cmasmasya/imagentema/foto024.jpg]
[www.tutorialesya.com.ar/cmasmasya/proyectos/MayorTresEnteros.zip]
[www.tutorialesya.com.ar/cmasmasya/imagentema/foto025.jpg]
[www.tutorialesya.com.ar/cmasmasya/imagentema/foto026.jpg]
[www.tutorialesya.com.ar/cmasmasya/proyectos/PrimerTrimestre.zip]
[www.tutorialesya.com.ar/cmasmasya/proyectos/FechaNavidad.zip]
[www.tutorialesya.com.ar/cmasmasya/proyectos/TresValoresIguales.zip]
[www.tutorialesya.com.ar/cmasmasya/proyectos/TodosMenoresDiez.zip]
[www.tutorialesya.com.ar/cmasmasya/proyectos/AlgunoMenorDiez.zip]
[www.tutorialesya.com.ar/cmasmasya/proyectos/IdentificarCuadrante.zip]
[www.tutorialesya.com.ar/cmasmasya/proyectos/CalcularSueldoAntiguedad.zip]
[www.tutorialesya.com.ar/cmasmasya/proyectos/RangoNumeros.zip]
[www.tutorialesya.com.ar/cmasmasya/detalleconceptoe8d7.html]
[www.tutorialesya.com.ar/cmasmasya/imagentema/foto027.jpg]
[www.tutorialesya.com.ar/cmasmasya/imagentema/foto028.jpg]
[www.tutorialesya.com.ar/cmasmasya/imagentema/foto029.jpg]
[www.tutorialesya.com.ar/cmasmasya/proyectos/WhileNumeros1a100.zip]
[www.tutorialesya.com.ar/cmasmasya/imagentema/foto030.jpg]
[www.tutorialesya.com.ar/cmasmasya/proyectos/WhileHastaNumeroIngresado.zip]
[www.tutorialesya.com.ar/cmasmasya/imagentema/foto031.jpg]
[www.tutorialesya.com.ar/cmasmasya/proyectos/WhileSumaValores.zip]
[www.tutorialesya.com.ar/cmasmasya/imagentema/foto032.jpg]
[www.tutorialesya.com.ar/cmasmasya/proyectos/WhileFabricaPiezas.zip]
[www.tutorialesya.com.ar/cmasmasya/proyectos/WhileNotaAlumnos.zip]
[www.tutorialesya.com.ar/cmasmasya/proyectos/WhileAlturaPromedio.zip]
[www.tutorialesya.com.ar/cmasmasya/proyectos/WhileGastoSueldos.zip]
[www.tutorialesya.com.ar/cmasmasya/proyectos/WhileTerminosSerie11.zip]
[www.tutorialesya.com.ar/cmasmasya/proyectos/Multiplos8.zip]
[www.tutorialesya.com.ar/cmasmasya/proyectos/WhileDosListasValores.zip]
[www.tutorialesya.com.ar/cmasmasya/proyectos/WhileCantidadParesImpares.zip]
[www.tutorialesya.com.ar/cmasmasya/detalleconcepto3ab8.html]
[www.tutorialesya.com.ar/cmasmasya/imagentema/foto033.jpg]
[www.tutorialesya.com.ar/cmasmasya/imagentema/foto034.jpg]
[www.tutorialesya.com.ar/cmasmasya/imagentema/foto035.jpg]
[www.tutorialesya.com.ar/cmasmasya/proyectos/ForNumeros1al100.zip]
[www.tutorialesya.com.ar/cmasmasya/imagentema/foto036.jpg]
[www.tutorialesya.com.ar/cmasmasya/proyectos/ForSuma10Valores.zip]
[www.tutorialesya.com.ar/cmasmasya/imagentema/foto037.jpg]
[www.tutorialesya.com.ar/cmasmasya/proyectos/ForNotasAlumnos.zip]
[www.tutorialesya.com.ar/cmasmasya/imagentema/foto038.jpg]
[www.tutorialesya.com.ar/cmasmasya/proyectos/ForMultiplo3Multiplo5.zip]
[www.tutorialesya.com.ar/cmasmasya/imagentema/foto039.jpg]
[www.tutorialesya.com.ar/cmasmasya/proyectos/ForValoresMayores1000.zip]
[www.tutorialesya.com.ar/cmasmasya/proyectos/ForCalculoTriangulos.zip]
[www.tutorialesya.com.ar/cmasmasya/proyectos/ForSuma.zip]
[www.tutorialesya.com.ar/cmasmasya/proyectos/ForTabla5.zip]
[www.tutorialesya.com.ar/cmasmasya/proyectos/ForTablaMultiplicar.zip]
[www.tutorialesya.com.ar/cmasmasya/proyectos/ForTipoTriangulos.zip]
[www.tutorialesya.com.ar/cmasmasya/proyectos/ForPuntoCuadrante.zip]
[www.tutorialesya.com.ar/cmasmasya/proyectos/ForOperacionesListaValores.zip]
[www.tutorialesya.com.ar/cmasmasya/proyectos/ForEdadesEstudiantes.zip]
[www.tutorialesya.com.ar/cmasmasya/detalleconceptoadff.html]
[www.tutorialesya.com.ar/cmasmasya/imagentema/foto040.jpg]
[www.tutorialesya.com.ar/cmasmasya/imagentema/foto041.jpg]
[www.tutorialesya.com.ar/cmasmasya/proyectos/DoWhileCantidadDigitos.zip]
[www.tutorialesya.com.ar/cmasmasya/imagentema/foto042.jpg]
[www.tutorialesya.com.ar/cmasmasya/proyectos/DoWhileCalculoPromedio.zip]
[www.tutorialesya.com.ar/cmasmasya/imagentema/foto043.jpg]
[www.tutorialesya.com.ar/cmasmasya/proyectos/DoWhilePesoPiezas.zip]
[www.tutorialesya.com.ar/cmasmasya/proyectos/DoWhileSumar.zip]
[www.tutorialesya.com.ar/cmasmasya/proyectos/DoWhileCuentasBanco.zip]
[www.tutorialesya.com.ar/cmasmasya/detalleconceptoc1fb.html]
[www.tutorialesya.com.ar/cmasmasya/proyectos/CadenaInicializar.zip]
[www.tutorialesya.com.ar/cmasmasya/proyectos/CadenaCargaTeclado.zip]
[www.tutorialesya.com.ar/cmasmasya/proyectos/CadenaComparacion.zip]
[www.tutorialesya.com.ar/cmasmasya/detalleconcepto48b7.html]
[www.tutorialesya.com.ar/cmasmasya/proyectos/ClasePersona.zip]
[www.tutorialesya.com.ar/cmasmasya/proyectos/ClasePersona2.zip]
[www.tutorialesya.com.ar/cmasmasya/proyectos/ClaseTriangulo.zip]
[www.tutorialesya.com.ar/cmasmasya/proyectos/ClasePunto.zip]
[www.tutorialesya.com.ar/cmasmasya/proyectos/ClaseCuadrado.zip]
[www.tutorialesya.com.ar/cmasmasya/proyectos/ClaseEmpleado.zip]
[www.tutorialesya.com.ar/cmasmasya/proyectos/ClaseOperacion.zip]
[www.tutorialesya.com.ar/cmasmasya/detalleconcepto65be.html]
[www.tutorialesya.com.ar/cmasmasya/proyectos/MetodosConParametros.zip]
[www.tutorialesya.com.ar/cmasmasya/proyectos/MetodosRetornanDato.zip]
[www.tutorialesya.com.ar/cmasmasya/proyectos/MetodosMostrarEnteros.zip]
[www.tutorialesya.com.ar/cmasmasya/proyectos/MetodosRetornarMayor.zip]
[www.tutorialesya.com.ar/cmasmasya/detalleconceptoa3ca.html]
[www.tutorialesya.com.ar/cmasmasya/imagentema/foto044.jpg]
[www.tutorialesya.com.ar/cmasmasya/proyectos/Vector1.zip]
[www.tutorialesya.com.ar/cmasmasya/proyectos/Vector2.zip]
[www.tutorialesya.com.ar/cmasmasya/proyectos/Vector3.zip]
[www.tutorialesya.com.ar/cmasmasya/proyectos/Vector4.zip]
[www.tutorialesya.com.ar/cmasmasya/proyectos/Vector5.zip]
[www.tutorialesya.com.ar/cmasmasya/proyectos/Vector6.zip]
[www.tutorialesya.com.ar/cmasmasya/proyectos/Vector7.zip]
[www.tutorialesya.com.ar/cmasmasya/detalleconcepto77a5.html]
[www.tutorialesya.com.ar/cmasmasya/detalleconceptoe427.html]
[www.tutorialesya.com.ar/cmasmasya/detalleconceptoa0c4.html]
[www.tutorialesya.com.ar/cmasmasya/detalleconcepto9bd6.html]
[www.tutorialesya.com.ar/cmasmasya/detalleconceptod97d.html]
[www.tutorialesya.com.ar/cmasmasya/detalleconcepto8829.html]
[www.tutorialesya.com.ar/cmasmasya/detalleconceptoc64d.html]
[www.tutorialesya.com.ar/cmasmasya/detalleconceptoc7f1.html]
[www.tutorialesya.com.ar/cmasmasya/detalleconcepto1fc5.html]
[www.tutorialesya.com.ar/cmasmasya/detalleconceptoe267.html]
[www.tutorialesya.com.ar/cmasmasya/detalleconcepto6fa7.html]
[www.tutorialesya.com.ar/cmasmasya/detalleconcepto953a.html]
[www.tutorialesya.com.ar/cmasmasya/detalleconceptof4a4.html]
[www.tutorialesya.com.ar/cmasmasya/detalleconceptob181.html]
[www.tutorialesya.com.ar/cmasmasya/detalleconceptof259.html]
[www.tutorialesya.com.ar/cmasmasya/detalleconcepto535a.html]
[www.tutorialesya.com.ar/cmasmasya/index9187.html]
[www.tutorialesya.com.ar/cmasmasya/detalleconcepto6c5f.html]
[www.tutorialesya.com.ar/cmasmasya/detalleconcepto99ac.html]
[www.tutorialesya.com.ar/cmasmasya/detalleconcepto9628.html]
[www.tutorialesya.com.ar/cmasmasya/detalleconcepto8721.html]
[www.tutorialesya.com.ar/cmasmasya/detalleconcepto5459.html]
[www.tutorialesya.com.ar/cmasmasya/detalleconceptof7df.html]
[www.tutorialesya.com.ar/cmasmasya/detalleconcepto76f4.html]
[www.tutorialesya.com.ar/cmasmasya/detalleconceptoef43.html]
[www.tutorialesya.com.ar/cmasmasya/detalleconcepto39c0.html]
[www.tutorialesya.com.ar/cmasmasya/detalleconcepto3b01.html]
[www.tutorialesya.com.ar/cmasmasya/detalleconcepto006c.html]
[www.tutorialesya.com.ar/cmasmasya/detalleconcepto8aa4.html]
[www.tutorialesya.com.ar/cmasmasya/detalleconceptoa504.html]
[www.tutorialesya.com.ar/cmasmasya/detalleconceptoe587.html]
[www.tutorialesya.com.ar/cmasmasya/detalleconcepto6720.html]
[www.tutorialesya.com.ar/cmasmasya/index7732.html]
[www.tutorialesya.com.ar/cmasmasya/detalleconcepto88fd.html]
[www.tutorialesya.com.ar/cmasmasya/detalleconceptof720.html]
[www.tutorialesya.com.ar/cmasmasya/detalleconcepto0ddd.html]
[www.tutorialesya.com.ar/cmasmasya/detalleconcepto230c.html]
[www.tutorialesya.com.ar/cmasmasya/detalleconcepto7c77.html]
[www.tutorialesya.com.ar/cmasmasya/detalleconcepto9e58.html]
[www.tutorialesya.com.ar/cmasmasya/detalleconcepto2704.html]
[www.tutorialesya.com.ar/cmasmasya/detalleconceptobfe4.html]
[www.tutorialesya.com.ar/cmasmasya/detalleconcepto2f37.html]
[www.tutorialesya.com.ar/cmasmasya/detalleconcepto0ec1.html]
[www.tutorialesya.com.ar/cmasmasya/detalleconcepto6a54.html]
[www.tutorialesya.com.ar/cmasmasya/detalleconcepto58c7.html]
[www.tutorialesya.com.ar/cmasmasya/detalleconcepto6f58.html]
[www.tutorialesya.com.ar/cmasmasya/indexb634.html]
[www.tutorialesya.com.ar/cmasmasya/index2904.html]
[www.tutorialesya.com.ar/cmasmasya/imagentema/foto004.jpg]
[www.tutorialesya.com.ar/cmasmasya/imagentema/foto009.jpg]
[www.tutorialesya.com.ar/cmasmasya/imagentema/foto012.jpg]
[www.tutorialesya.com.ar/cmasmasya/imagentema/foto045.jpg]
[www.tutorialesya.com.ar/cmasmasya/proyectos/VectoresParalelos1.zip]
[www.tutorialesya.com.ar/cmasmasya/proyectos/VectoresParalelos2.zip]
[www.tutorialesya.com.ar/cmasmasya/proyectos/VectoresParalelos3.zip]
[www.tutorialesya.com.ar/cmasmasya/detalleconceptoe427.html]
[www.tutorialesya.com.ar/cmasmasya/imagentema/foto046.jpg]
[www.tutorialesya.com.ar/cmasmasya/proyectos/VectoresMayorMenor.zip]
[www.tutorialesya.com.ar/cmasmasya/proyectos/VectoresMenor.zip]
[www.tutorialesya.com.ar/cmasmasya/detalleconceptoa0c4.html]
[www.tutorialesya.com.ar/cmasmasya/imagentema/foto047.jpg]
[www.tutorialesya.com.ar/cmasmasya/imagentema/foto048.jpg]
[www.tutorialesya.com.ar/cmasmasya/proyectos/VectorOrdenamiento1.zip]
[www.tutorialesya.com.ar/cmasmasya/proyectos/VectorOrdenamiento2.zip]
[www.tutorialesya.com.ar/cmasmasya/proyectos/OrdenamientoVector.zip]
[www.tutorialesya.com.ar/cmasmasya/detalleconcepto9bd6.html]
[www.tutorialesya.com.ar/cmasmasya/proyectos/OrdenamientoVectoresParalelos.zip]
[www.tutorialesya.com.ar/cmasmasya/proyectos/OrdenamientoVectoresParalelos2.zip]
[www.tutorialesya.com.ar/cmasmasya/detalleconceptod97d.html]
[www.tutorialesya.com.ar/cmasmasya/imagentema/foto049.jpg]
[www.tutorialesya.com.ar/cmasmasya/proyectos/Matriz1.zip]
[www.tutorialesya.com.ar/cmasmasya/proyectos/Matriz2.zip]
[www.tutorialesya.com.ar/cmasmasya/proyectos/Matriz3.zip]
[www.tutorialesya.com.ar/cmasmasya/proyectos/Matriz4.zip]
[www.tutorialesya.com.ar/cmasmasya/detalleconcepto8829.html]
[www.tutorialesya.com.ar/cmasmasya/imagentema/foto050.jpg]
[www.tutorialesya.com.ar/cmasmasya/proyectos/MatrizSueldoEmpleados.zip]
[www.tutorialesya.com.ar/cmasmasya/proyectos/MatrizTemperaturas.zip]
[www.tutorialesya.com.ar/cmasmasya/detalleconceptoc64d.html]
[www.tutorialesya.com.ar/cmasmasya/proyectos/Constructor1.zip]
[www.tutorialesya.com.ar/cmasmasya/proyectos/Constructor2.zip]
[www.tutorialesya.com.ar/cmasmasya/proyectos/Constructor3.zip]
[www.tutorialesya.com.ar/cmasmasya/proyectos/Constructor4.zip]
[www.tutorialesya.com.ar/cmasmasya/proyectos/Constructor5.zip]
[www.tutorialesya.com.ar/cmasmasya/detalleconceptoc7f1.html]
[www.tutorialesya.com.ar/cmasmasya/proyectos/Destructor1.zip]
[www.tutorialesya.com.ar/cmasmasya/proyectos/Destructor2.zip]
[www.tutorialesya.com.ar/cmasmasya/detalleconcepto1fc5.html]
[www.tutorialesya.com.ar/cmasmasya/proyectos/PartePublicPrivate1.zip]
[www.tutorialesya.com.ar/cmasmasya/proyectos/PartePublicPrivate2.zip]
[www.tutorialesya.com.ar/cmasmasya/detalleconceptoe267.html]
[www.tutorialesya.com.ar/cmasmasya/proyectos/SobrecargaMetodos1.zip]
[www.tutorialesya.com.ar/cmasmasya/proyectos/SobrecargaMetodos2.zip]
[www.tutorialesya.com.ar/cmasmasya/proyectos/SobrecargaMetodos3.zip]
[www.tutorialesya.com.ar/cmasmasya/proyectos/SobrecargaMetodos4.zip]
[www.tutorialesya.com.ar/cmasmasya/detalleconcepto6fa7.html]
[www.tutorialesya.com.ar/cmasmasya/proyectos/Colaboracion1.zip]
[www.tutorialesya.com.ar/cmasmasya/proyectos/Colaboracion2.zip]
[www.tutorialesya.com.ar/cmasmasya/proyectos/Colaboracion3.zip]
[www.tutorialesya.com.ar/cmasmasya/detalleconcepto953a.html]
[www.tutorialesya.com.ar/cmasmasya/proyectos/Herencia1.zip]
[www.tutorialesya.com.ar/cmasmasya/proyectos/Herencia2.zip]
[www.tutorialesya.com.ar/cmasmasya/detalleconceptof4a4.html]
[www.tutorialesya.com.ar/cmasmasya/proyectos/Puntero1.zip]
[www.tutorialesya.com.ar/cmasmasya/proyectos/Puntero2.zip]
[www.tutorialesya.com.ar/cmasmasya/proyectos/Puntero3.zip]
[www.tutorialesya.com.ar/cmasmasya/proyectos/Puntero4.zip]
[www.tutorialesya.com.ar/cmasmasya/detalleconceptob181.html]
[www.tutorialesya.com.ar/cmasmasya/proyectos/ParametrosPuntero1.zip]
[www.tutorialesya.com.ar/cmasmasya/proyectos/ParametrosPuntero2.zip]
[www.tutorialesya.com.ar/cmasmasya/detalleconceptof259.html]
[www.tutorialesya.com.ar/cmasmasya/detalleconcepto535a.html]
[www.tutorialesya.com.ar/cmasmasya/proyectos/PunteroOperador1.zip]
[www.tutorialesya.com.ar/cmasmasya/proyectos/PunteroOperador2.zip]
[www.tutorialesya.com.ar/cmasmasya/detalleconcepto6c5f.html]
[www.tutorialesya.com.ar/cmasmasya/imagentema/foto051.jpg]
[www.tutorialesya.com.ar/cmasmasya/proyectos/PilaDinamica1.zip]
[www.tutorialesya.com.ar/cmasmasya/proyectos/PilaDinamica2.zip]
[www.tutorialesya.com.ar/cmasmasya/detalleconcepto99ac.html]
[www.tutorialesya.com.ar/cmasmasya/proyectos/ObjetosDinamicos1.zip]
[www.tutorialesya.com.ar/cmasmasya/detalleconcepto9628.html]
[www.tutorialesya.com.ar/cmasmasya/detalleconcepto8721.html]
[www.tutorialesya.com.ar/cmasmasya/imagentema/foto052.jpg]
[www.tutorialesya.com.ar/cmasmasya/imagentema/foto053.jpg]
[www.tutorialesya.com.ar/cmasmasya/imagentema/foto054.jpg]
[www.tutorialesya.com.ar/cmasmasya/imagentema/foto055.jpg]
[www.tutorialesya.com.ar/cmasmasya/imagentema/foto056.jpg]
[www.tutorialesya.com.ar/cmasmasya/detalleconcepto5459.html]
[www.tutorialesya.com.ar/cmasmasya/imagentema/foto057.jpg]
[www.tutorialesya.com.ar/cmasmasya/imagentema/foto058.jpg]
[www.tutorialesya.com.ar/cmasmasya/imagentema/foto059.jpg]
[www.tutorialesya.com.ar/cmasmasya/imagentema/foto060.jpg]
[www.tutorialesya.com.ar/cmasmasya/proyectos/Pila1.zip]
[www.tutorialesya.com.ar/cmasmasya/imagentema/foto061.jpg]
[www.tutorialesya.com.ar/cmasmasya/imagentema/foto062.jpg]
[www.tutorialesya.com.ar/cmasmasya/imagentema/foto063.jpg]
[www.tutorialesya.com.ar/cmasmasya/imagentema/foto064.jpg]
[www.tutorialesya.com.ar/cmasmasya/imagentema/foto065.jpg]
[www.tutorialesya.com.ar/cmasmasya/imagentema/foto066.jpg]
[www.tutorialesya.com.ar/cmasmasya/imagentema/foto067.jpg]
[www.tutorialesya.com.ar/cmasmasya/imagentema/foto068.jpg]
[www.tutorialesya.com.ar/cmasmasya/imagentema/foto069.jpg]
[www.tutorialesya.com.ar/cmasmasya/imagentema/foto070.jpg]
[www.tutorialesya.com.ar/cmasmasya/proyectos/Pila2.zip]
[www.tutorialesya.com.ar/cmasmasya/imagentema/foto071.jpg]
[www.tutorialesya.com.ar/cmasmasya/imagentema/foto072.jpg]
[www.tutorialesya.com.ar/cmasmasya/proyectos/Pila3.zip]
[www.tutorialesya.com.ar/cmasmasya/detalleconceptof7df.html]
[www.tutorialesya.com.ar/cmasmasya/proyectos/PilaFormula.zip]
[www.tutorialesya.com.ar/cmasmasya/detalleconcepto76f4.html]
[www.tutorialesya.com.ar/cmasmasya/proyectos/Cola1.zip]
[www.tutorialesya.com.ar/cmasmasya/imagentema/foto073.jpg]
[www.tutorialesya.com.ar/cmasmasya/imagentema/foto074.jpg]
[www.tutorialesya.com.ar/cmasmasya/imagentema/foto075.jpg]
[www.tutorialesya.com.ar/cmasmasya/imagentema/foto076.jpg]
[www.tutorialesya.com.ar/cmasmasya/imagentema/foto077.jpg]
[www.tutorialesya.com.ar/cmasmasya/imagentema/foto078.jpg]
[www.tutorialesya.com.ar/cmasmasya/imagentema/foto079.jpg]
[www.tutorialesya.com.ar/cmasmasya/detalleconceptoef43.html]
[www.tutorialesya.com.ar/cmasmasya/proyectos/ColaSimulacion1.zip]
[www.tutorialesya.com.ar/cmasmasya/proyectos/ColaSimulacion2.zip]
[www.tutorialesya.com.ar/cmasmasya/detalleconcepto39c0.html]
[www.tutorialesya.com.ar/cmasmasya/proyectos/ListasGenericas1.zip]
[www.tutorialesya.com.ar/cmasmasya/proyectos/ListasGenericas2.zip]
[www.tutorialesya.com.ar/cmasmasya/detalleconcepto3b01.html]
[www.tutorialesya.com.ar/cmasmasya/imagentema/foto081.jpg]
[www.tutorialesya.com.ar/cmasmasya/imagentema/foto082.jpg]
[www.tutorialesya.com.ar/cmasmasya/imagentema/foto083.jpg]
[www.tutorialesya.com.ar/cmasmasya/imagentema/foto084.jpg]
[www.tutorialesya.com.ar/cmasmasya/proyectos/ListaGenericaOrdenada.zip]
[www.tutorialesya.com.ar/cmasmasya/detalleconcepto006c.html]
[www.tutorialesya.com.ar/cmasmasya/imagentema/foto085.jpg]
[www.tutorialesya.com.ar/cmasmasya/proyectos/ListaGenericaDoble1.zip]
[www.tutorialesya.com.ar/cmasmasya/proyectos/ListaGenericaDoble2.zip]
[www.tutorialesya.com.ar/cmasmasya/detalleconcepto8aa4.html]
[www.tutorialesya.com.ar/cmasmasya/imagentema/foto086.jpg]
[www.tutorialesya.com.ar/cmasmasya/imagentema/foto087.jpg]
[www.tutorialesya.com.ar/cmasmasya/proyectos/ListaCircular.zip]
[www.tutorialesya.com.ar/cmasmasya/detalleconceptoa504.html]
[www.tutorialesya.com.ar/cmasmasya/proyectos/Recursividad1.zip]
[www.tutorialesya.com.ar/cmasmasya/proyectos/Recursividad2.zip]
[www.tutorialesya.com.ar/cmasmasya/proyectos/Recursividad3.zip]
[www.tutorialesya.com.ar/cmasmasya/proyectos/Recursividad4.zip]
[www.tutorialesya.com.ar/cmasmasya/imagentema/foto088.jpg]
[www.tutorialesya.com.ar/cmasmasya/imagentema/foto089.jpg]
[www.tutorialesya.com.ar/cmasmasya/imagentema/foto090.jpg]
[www.tutorialesya.com.ar/cmasmasya/imagentema/foto091.jpg]
[www.tutorialesya.com.ar/cmasmasya/imagentema/foto092.jpg]
[www.tutorialesya.com.ar/cmasmasya/proyectos/Recursividad5.zip]
[www.tutorialesya.com.ar/cmasmasya/imagentema/foto093.jpg]
[www.tutorialesya.com.ar/cmasmasya/imagentema/foto094.jpg]
[www.tutorialesya.com.ar/cmasmasya/imagentema/foto095.jpg]
[www.tutorialesya.com.ar/cmasmasya/imagentema/foto096.jpg]
[www.tutorialesya.com.ar/cmasmasya/proyectos/Recursividad6.zip]
[www.tutorialesya.com.ar/cmasmasya/detalleconceptoe587.html]
[www.tutorialesya.com.ar/cmasmasya/proyectos/RecursividadLista.zip]
[www.tutorialesya.com.ar/cmasmasya/imagentema/foto097.jpg]
[www.tutorialesya.com.ar/cmasmasya/imagentema/foto098.jpg]
[www.tutorialesya.com.ar/cmasmasya/detalleconcepto6720.html]
[www.tutorialesya.com.ar/cmasmasya/imagentema/foto099.jpg]
[www.tutorialesya.com.ar/cmasmasya/imagentema/foto100.jpg]
[www.tutorialesya.com.ar/cmasmasya/imagentema/foto101.jpg]
[www.tutorialesya.com.ar/cmasmasya/imagentema/foto102.jpg]
[www.tutorialesya.com.ar/cmasmasya/imagentema/foto103.jpg]
[www.tutorialesya.com.ar/cmasmasya/detalleconcepto88fd.html]
[www.tutorialesya.com.ar/cmasmasya/imagentema/foto104.jpg]
[www.tutorialesya.com.ar/cmasmasya/imagentema/foto105.jpg]
[www.tutorialesya.com.ar/cmasmasya/imagentema/foto106.jpg]
[www.tutorialesya.com.ar/cmasmasya/imagentema/foto107.jpg]
[www.tutorialesya.com.ar/cmasmasya/imagentema/foto108.jpg]
[www.tutorialesya.com.ar/cmasmasya/imagentema/foto109.jpg]
[www.tutorialesya.com.ar/cmasmasya/imagentema/foto110.jpg]
[www.tutorialesya.com.ar/cmasmasya/imagentema/foto111.jpg]
[www.tutorialesya.com.ar/cmasmasya/imagentema/foto112.jpg]
[www.tutorialesya.com.ar/cmasmasya/detalleconceptof720.html]
[www.tutorialesya.com.ar/cmasmasya/proyectos/ArbolBinario1.zip]
[www.tutorialesya.com.ar/cmasmasya/proyectos/ArbolBinario2.zip]
[www.tutorialesya.com.ar/cmasmasya/detalleconcepto0ddd.html]
[www.tutorialesya.com.ar/cmasmasya/proyectos/Metodosinline1.zip]
[www.tutorialesya.com.ar/cmasmasya/proyectos/Metodosinline2.zip]
[www.tutorialesya.com.ar/cmasmasya/detalleconcepto230c.html]
[www.tutorialesya.com.ar/cmasmasya/proyectos/FuncionAmiga1.zip]
[www.tutorialesya.com.ar/cmasmasya/detalleconcepto7c77.html]
[www.tutorialesya.com.ar/cmasmasya/proyectos/ClaseAmiga1.zip]
[www.tutorialesya.com.ar/cmasmasya/detalleconcepto9e58.html]
[www.tutorialesya.com.ar/cmasmasya/proyectos/AtributoEstatico1.zip]
[www.tutorialesya.com.ar/cmasmasya/proyectos/AtributoEstatico2.zip]
[www.tutorialesya.com.ar/cmasmasya/detalleconcepto2704.html]
[www.tutorialesya.com.ar/cmasmasya/proyectos/MetodoEstatico1.zip]
[www.tutorialesya.com.ar/cmasmasya/proyectos/MetodoEstatico2.zip]
[www.tutorialesya.com.ar/cmasmasya/detalleconceptobfe4.html]
[www.tutorialesya.com.ar/cmasmasya/proyectos/Macros1.zip]
[www.tutorialesya.com.ar/cmasmasya/proyectos/Macros2.zip]
[www.tutorialesya.com.ar/cmasmasya/detalleconcepto2f37.html]
[www.tutorialesya.com.ar/cmasmasya/detalleconcepto0ec1.html]
[www.tutorialesya.com.ar/cmasmasya/detalleconcepto5d9e.php]
[www.tutorialesya.com.ar/cmasmasya/proyectos/ParametrosConstantes1.zip]
[www.tutorialesya.com.ar/cmasmasya/detalleconcepto6a54.html]
[www.tutorialesya.com.ar/cmasmasya/proyectos/MetodosConstantes1.zip]
[www.tutorialesya.com.ar/cmasmasya/detalleconcepto58c7.html]
[www.tutorialesya.com.ar/cmasmasya/proyectos/ParametrosValorReferencia1.zip]
[www.tutorialesya.com.ar/cmasmasya/proyectos/ParametrosValorReferencia2.zip]
[www.tutorialesya.com.ar/cmasmasya/detalleconcepto6f58.html]
[www.tutorialesya.com.ar/cmasmasya/detalleconcepto34ee.php]
[www.tutorialesya.com.ar/cmasmasya/imagentema/foto008.jpg]
[www.tutorialesya.com.ar/cmasmasya/proyectos/Punterothis1.zip]
[www.tutorialesya.com.ar/cmasmasya/detalleconcepto5d9e.php]
[www.tutorialesya.com.ar/cmasmasya/proyectos/ObjetoParametroValor1.zip]
[www.tutorialesya.com.ar/cmasmasya/proyectos/ObjetoParametroReferencia1.zip]
[www.tutorialesya.com.ar/cmasmasya/proyectos/ObjetoParametroValor2.zip]
[www.tutorialesya.com.ar/cmasmasya/proyectos/ObjetoParametroReferencia2.zip]
[www.tutorialesya.com.ar/cmasmasya/detalleconcepto34ee.php]
